// Jest Snapshot v1, https://goo.gl/fbAQLP

exports[`greets the user 1`] = `"Hello John"`;
